** Drc report for 22PinTo40Pin.kicad_pcb **
** Created on 2026-09-25T16:17:59 **
** Report includes: Errors, Warnings, Exclusions **

** Found 55 DRC violations **
[clearance]: Clearance violation ( clearance 0.1500 mm; actual 0.1000 mm)
    Local override; error
    @(197.0000 mm, 106.0000 mm): Track [GND] on F.Cu, length 0.9970 mm
    @(197.0000 mm, 105.0000 mm): Pad 5 [unconnected-(J1-Pin_5-Pad5)] of J1 on F.Cu
[copper_edge_clearance]: Board edge clearance violation (board setup constraints edge clearance 0.2000 mm; actual 0.1500 mm)
    Rule: board setup constraints edge; error
    @(107.5000 mm, 113.5000 mm): Segment on Edge.Cuts
    @(109.5000 mm, 113.2500 mm): Pad 1 [+3.3V] of J2 on F.Cu
[copper_edge_clearance]: Board edge clearance violation (board setup constraints edge clearance 0.2000 mm; actual 0.0000 mm)
    Rule: board setup constraints edge; error
    @(107.5000 mm, 113.5000 mm): Segment of J2 on Edge.Cuts
    @(109.5000 mm, 112.7500 mm): Pad 2 [Net-(J1-Pin_2)] of J2 on F.Cu
[copper_edge_clearance]: Board edge clearance violation (board setup constraints edge clearance 0.2000 mm; actual 0.0000 mm)
    Rule: board setup constraints edge; error
    @(107.5000 mm, 113.5000 mm): Segment of J2 on Edge.Cuts
    @(109.5000 mm, 112.2500 mm): Pad 3 [Net-(J1-Pin_3)] of J2 on F.Cu
[copper_edge_clearance]: Board edge clearance violation (board setup constraints edge clearance 0.2000 mm; actual 0.0000 mm)
    Rule: board setup constraints edge; error
    @(107.5000 mm, 113.5000 mm): Segment of J2 on Edge.Cuts
    @(109.5000 mm, 111.7500 mm): Pad 4 [GND] of J2 on F.Cu
[copper_edge_clearance]: Board edge clearance violation (board setup constraints edge clearance 0.2000 mm; actual 0.0000 mm)
    Rule: board setup constraints edge; error
    @(107.5000 mm, 113.5000 mm): Segment of J2 on Edge.Cuts
    @(109.5000 mm, 111.2500 mm): Pad 5 [unconnected-(J2-Pin_5-Pad5)] of J2 on F.Cu
[copper_edge_clearance]: Board edge clearance violation (board setup constraints edge clearance 0.2000 mm; actual 0.0000 mm)
    Rule: board setup constraints edge; error
    @(107.5000 mm, 113.5000 mm): Segment of J2 on Edge.Cuts
    @(109.5000 mm, 110.7500 mm): Pad 6 [Net-(J1-Pin_4)] of J2 on F.Cu
[copper_edge_clearance]: Board edge clearance violation (board setup constraints edge clearance 0.2000 mm; actual 0.0000 mm)
    Rule: board setup constraints edge; error
    @(107.5000 mm, 113.5000 mm): Segment of J2 on Edge.Cuts
    @(109.5000 mm, 110.2500 mm): Pad 7 [GND] of J2 on F.Cu
[copper_edge_clearance]: Board edge clearance violation (board setup constraints edge clearance 0.2000 mm; actual 0.0000 mm)
    Rule: board setup constraints edge; error
    @(107.5000 mm, 113.5000 mm): Segment of J2 on Edge.Cuts
    @(109.5000 mm, 109.7500 mm): Pad 8 [unconnected-(J2-Pin_8-Pad8)] of J2 on F.Cu
[copper_edge_clearance]: Board edge clearance violation (board setup constraints edge clearance 0.2000 mm; actual 0.0000 mm)
    Rule: board setup constraints edge; error
    @(107.5000 mm, 113.5000 mm): Segment of J2 on Edge.Cuts
    @(109.5000 mm, 109.2500 mm): Pad 9 [unconnected-(J2-Pin_9-Pad9)] of J2 on F.Cu
[copper_edge_clearance]: Board edge clearance violation (board setup constraints edge clearance 0.2000 mm; actual 0.0000 mm)
    Rule: board setup constraints edge; error
    @(107.5000 mm, 113.5000 mm): Segment of J2 on Edge.Cuts
    @(109.5000 mm, 108.7500 mm): Pad 10 [GND] of J2 on F.Cu
[copper_edge_clearance]: Board edge clearance violation (board setup constraints edge clearance 0.2000 mm; actual 0.0000 mm)
    Rule: board setup constraints edge; error
    @(107.5000 mm, 113.5000 mm): Segment of J2 on Edge.Cuts
    @(109.5000 mm, 108.2500 mm): Pad 11 [unconnected-(J2-Pin_11-Pad11)] of J2 on F.Cu
[copper_edge_clearance]: Board edge clearance violation (board setup constraints edge clearance 0.2000 mm; actual 0.0000 mm)
    Rule: board setup constraints edge; error
    @(107.5000 mm, 113.5000 mm): Segment of J2 on Edge.Cuts
    @(109.5000 mm, 107.7500 mm): Pad 12 [unconnected-(J2-Pin_12-Pad12)] of J2 on F.Cu
[copper_edge_clearance]: Board edge clearance violation (board setup constraints edge clearance 0.2000 mm; actual 0.0000 mm)
    Rule: board setup constraints edge; error
    @(107.5000 mm, 113.5000 mm): Segment of J2 on Edge.Cuts
    @(109.5000 mm, 107.2500 mm): Pad 13 [GND] of J2 on F.Cu
[copper_edge_clearance]: Board edge clearance violation (board setup constraints edge clearance 0.2000 mm; actual 0.0000 mm)
    Rule: board setup constraints edge; error
    @(107.5000 mm, 113.5000 mm): Segment of J2 on Edge.Cuts
    @(109.5000 mm, 106.7500 mm): Pad 14 [/CSI_CLK_P] of J2 on F.Cu
[copper_edge_clearance]: Board edge clearance violation (board setup constraints edge clearance 0.2000 mm; actual 0.0000 mm)
    Rule: board setup constraints edge; error
    @(107.5000 mm, 113.5000 mm): Segment of J2 on Edge.Cuts
    @(109.5000 mm, 106.2500 mm): Pad 15 [/CSI_CLK_N] of J2 on F.Cu
[copper_edge_clearance]: Board edge clearance violation (board setup constraints edge clearance 0.2000 mm; actual 0.0000 mm)
    Rule: board setup constraints edge; error
    @(107.5000 mm, 113.5000 mm): Segment of J2 on Edge.Cuts
    @(109.5000 mm, 105.7500 mm): Pad 16 [GND] of J2 on F.Cu
[copper_edge_clearance]: Board edge clearance violation (board setup constraints edge clearance 0.2000 mm; actual 0.0000 mm)
    Rule: board setup constraints edge; error
    @(107.5000 mm, 113.5000 mm): Segment of J2 on Edge.Cuts
    @(109.5000 mm, 105.2500 mm): Pad 17 [/CSI_D1_P] of J2 on F.Cu
[copper_edge_clearance]: Board edge clearance violation (board setup constraints edge clearance 0.2000 mm; actual 0.0000 mm)
    Rule: board setup constraints edge; error
    @(107.5000 mm, 113.5000 mm): Segment of J2 on Edge.Cuts
    @(109.5000 mm, 104.7500 mm): Pad 18 [/CSI_D1_N] of J2 on F.Cu
[copper_edge_clearance]: Board edge clearance violation (board setup constraints edge clearance 0.2000 mm; actual 0.0000 mm)
    Rule: board setup constraints edge; error
    @(107.5000 mm, 113.5000 mm): Segment of J2 on Edge.Cuts
    @(109.5000 mm, 104.2500 mm): Pad 19 [GND] of J2 on F.Cu
[copper_edge_clearance]: Board edge clearance violation (board setup constraints edge clearance 0.2000 mm; actual 0.0000 mm)
    Rule: board setup constraints edge; error
    @(107.5000 mm, 113.5000 mm): Segment of J2 on Edge.Cuts
    @(109.5000 mm, 103.7500 mm): Pad 20 [/CSI_D0_P] of J2 on F.Cu
[copper_edge_clearance]: Board edge clearance violation (board setup constraints edge clearance 0.2000 mm; actual 0.0000 mm)
    Rule: board setup constraints edge; error
    @(107.5000 mm, 113.5000 mm): Segment of J2 on Edge.Cuts
    @(109.5000 mm, 103.2500 mm): Pad 21 [/CSI_D0_N] of J2 on F.Cu
[copper_edge_clearance]: Board edge clearance violation (board setup constraints edge clearance 0.2000 mm; actual 0.1500 mm)
    Rule: board setup constraints edge; error
    @(107.5000 mm, 102.5000 mm): Segment on Edge.Cuts
    @(109.5000 mm, 102.7500 mm): Pad 22 [GND] of J2 on F.Cu
[copper_edge_clearance]: Board edge clearance violation (board setup constraints edge clearance 0.2000 mm; actual 0.0000 mm)
    Rule: board setup constraints edge; error
    @(199.5000 mm, 100.5000 mm): Segment of J1 on Edge.Cuts
    @(197.0000 mm, 101.0000 mm): Pad 1 [+3.3V] of J1 on F.Cu
[copper_edge_clearance]: Board edge clearance violation (board setup constraints edge clearance 0.2000 mm; actual 0.0000 mm)
    Rule: board setup constraints edge; error
    @(199.5000 mm, 100.5000 mm): Segment of J1 on Edge.Cuts
    @(197.0000 mm, 102.0000 mm): Pad 2 [Net-(J1-Pin_2)] of J1 on F.Cu
[copper_edge_clearance]: Board edge clearance violation (board setup constraints edge clearance 0.2000 mm; actual 0.0000 mm)
    Rule: board setup constraints edge; error
    @(199.5000 mm, 100.5000 mm): Segment of J1 on Edge.Cuts
    @(197.0000 mm, 103.0000 mm): Pad 3 [Net-(J1-Pin_3)] of J1 on F.Cu
[copper_edge_clearance]: Board edge clearance violation (board setup constraints edge clearance 0.2000 mm; actual 0.0000 mm)
    Rule: board setup constraints edge; error
    @(199.5000 mm, 100.5000 mm): Segment of J1 on Edge.Cuts
    @(197.0000 mm, 104.0000 mm): Pad 4 [Net-(J1-Pin_4)] of J1 on F.Cu
[copper_edge_clearance]: Board edge clearance violation (board setup constraints edge clearance 0.2000 mm; actual 0.0000 mm)
    Rule: board setup constraints edge; error
    @(199.5000 mm, 100.5000 mm): Segment of J1 on Edge.Cuts
    @(197.0000 mm, 105.0000 mm): Pad 5 [unconnected-(J1-Pin_5-Pad5)] of J1 on F.Cu
[copper_edge_clearance]: Board edge clearance violation (board setup constraints edge clearance 0.2000 mm; actual 0.0000 mm)
    Rule: board setup constraints edge; error
    @(199.5000 mm, 100.5000 mm): Segment of J1 on Edge.Cuts
    @(197.0000 mm, 106.0000 mm): Pad 6 [GND] of J1 on F.Cu
[copper_edge_clearance]: Board edge clearance violation (board setup constraints edge clearance 0.2000 mm; actual 0.0000 mm)
    Rule: board setup constraints edge; error
    @(199.5000 mm, 100.5000 mm): Segment of J1 on Edge.Cuts
    @(197.0000 mm, 107.0000 mm): Pad 7 [/CSI_CLK_P] of J1 on F.Cu
[copper_edge_clearance]: Board edge clearance violation (board setup constraints edge clearance 0.2000 mm; actual 0.0000 mm)
    Rule: board setup constraints edge; error
    @(199.5000 mm, 100.5000 mm): Segment of J1 on Edge.Cuts
    @(197.0000 mm, 108.0000 mm): Pad 8 [/CSI_CLK_N] of J1 on F.Cu
[copper_edge_clearance]: Board edge clearance violation (board setup constraints edge clearance 0.2000 mm; actual 0.0000 mm)
    Rule: board setup constraints edge; error
    @(199.5000 mm, 100.5000 mm): Segment of J1 on Edge.Cuts
    @(197.0000 mm, 109.0000 mm): Pad 9 [GND] of J1 on F.Cu
[copper_edge_clearance]: Board edge clearance violation (board setup constraints edge clearance 0.2000 mm; actual 0.0000 mm)
    Rule: board setup constraints edge; error
    @(199.5000 mm, 100.5000 mm): Segment of J1 on Edge.Cuts
    @(197.0000 mm, 110.0000 mm): Pad 10 [/CSI_D1_P] of J1 on F.Cu
[copper_edge_clearance]: Board edge clearance violation (board setup constraints edge clearance 0.2000 mm; actual 0.0000 mm)
    Rule: board setup constraints edge; error
    @(199.5000 mm, 100.5000 mm): Segment of J1 on Edge.Cuts
    @(197.0000 mm, 111.0000 mm): Pad 11 [/CSI_D1_N] of J1 on F.Cu
[copper_edge_clearance]: Board edge clearance violation (board setup constraints edge clearance 0.2000 mm; actual 0.0000 mm)
    Rule: board setup constraints edge; error
    @(199.5000 mm, 100.5000 mm): Segment of J1 on Edge.Cuts
    @(197.0000 mm, 112.0000 mm): Pad 12 [GND] of J1 on F.Cu
[copper_edge_clearance]: Board edge clearance violation (board setup constraints edge clearance 0.2000 mm; actual 0.0000 mm)
    Rule: board setup constraints edge; error
    @(199.5000 mm, 100.5000 mm): Segment of J1 on Edge.Cuts
    @(197.0000 mm, 113.0000 mm): Pad 13 [/CSI_D0_P] of J1 on F.Cu
[copper_edge_clearance]: Board edge clearance violation (board setup constraints edge clearance 0.2000 mm; actual 0.0000 mm)
    Rule: board setup constraints edge; error
    @(199.5000 mm, 100.5000 mm): Segment of J1 on Edge.Cuts
    @(197.0000 mm, 114.0000 mm): Pad 14 [/CSI_D0_N] of J1 on F.Cu
[copper_edge_clearance]: Board edge clearance violation (board setup constraints edge clearance 0.2000 mm; actual 0.0000 mm)
    Rule: board setup constraints edge; error
    @(199.5000 mm, 100.5000 mm): Segment of J1 on Edge.Cuts
    @(197.0000 mm, 115.0000 mm): Pad 15 [GND] of J1 on F.Cu
[starved_thermal]: Thermal relief connection to zone incomplete (layer F.Cu; zone min spoke count 2; actual 1)
    Local override; error
    @(107.5000 mm, 102.4500 mm): Zone 'GND' [GND] on F.Cu and B.Cu, priority 0
    @(197.0000 mm, 112.0000 mm): Pad 12 [GND] of J1 on F.Cu
[starved_thermal]: Thermal relief connection to zone incomplete (layer F.Cu; zone min spoke count 2; actual 1)
    Local override; error
    @(107.5000 mm, 102.4500 mm): Zone 'GND' [GND] on F.Cu and B.Cu, priority 0
    @(197.0000 mm, 115.0000 mm): Pad 15 [GND] of J1 on F.Cu
[track_dangling]: Track has unconnected end
    Local override; warning
    @(197.0000 mm, 106.0000 mm): Track [GND] on F.Cu, length 0.9970 mm
[track_dangling]: Track has unconnected end
    Local override; warning
    @(109.7450 mm, 103.4950 mm): Track [/CSI_D0_N] on F.Cu, length 0.3465 mm
[track_dangling]: Track has unconnected end
    Local override; warning
    @(196.7500 mm, 110.7500 mm): Track [/CSI_D1_N] on F.Cu, length 0.3536 mm
[isolated_copper]: Isolated copper fill
    Local override; warning
    @(107.5000 mm, 102.4500 mm): Zone 'GND' [GND] on F.Cu and B.Cu, priority 0
[isolated_copper]: Isolated copper fill
    Local override; warning
    @(107.5000 mm, 102.4500 mm): Zone 'GND' [GND] on F.Cu and B.Cu, priority 0
[isolated_copper]: Isolated copper fill
    Local override; warning
    @(107.5000 mm, 102.4500 mm): Zone 'GND' [GND] on F.Cu and B.Cu, priority 0
[isolated_copper]: Isolated copper fill
    Local override; warning
    @(107.5000 mm, 102.4500 mm): Zone 'GND' [GND] on F.Cu and B.Cu, priority 0
[isolated_copper]: Isolated copper fill
    Local override; warning
    @(107.5000 mm, 102.4500 mm): Zone 'GND' [GND] on F.Cu and B.Cu, priority 0
[isolated_copper]: Isolated copper fill
    Local override; warning
    @(107.5000 mm, 102.4500 mm): Zone 'GND' [GND] on F.Cu and B.Cu, priority 0
[isolated_copper]: Isolated copper fill
    Local override; warning
    @(107.5000 mm, 102.4500 mm): Zone 'GND' [GND] on F.Cu and B.Cu, priority 0
[isolated_copper]: Isolated copper fill
    Local override; warning
    @(107.5000 mm, 102.4500 mm): Zone 'GND' [GND] on F.Cu and B.Cu, priority 0
[isolated_copper]: Isolated copper fill
    Local override; warning
    @(107.5000 mm, 102.4500 mm): Zone 'GND' [GND] on F.Cu and B.Cu, priority 0
[isolated_copper]: Isolated copper fill
    Local override; warning
    @(107.5000 mm, 102.4500 mm): Zone 'GND' [GND] on F.Cu and B.Cu, priority 0
[silk_edge_clearance]: Silkscreen clipped by board edge
    Rule: board setup constraints silk; warning
    @(107.5000 mm, 102.4500 mm): Segment on Edge.Cuts
    @(107.5500 mm, 102.4500 mm): Rectangle on B.Silkscreen
[silk_edge_clearance]: Silkscreen clipped by board edge
    Rule: board setup constraints silk; warning
    @(179.0000 mm, 115.5000 mm): Segment on Edge.Cuts
    @(183.2000 mm, 100.5000 mm): Rectangle on B.Silkscreen

** Found 3 unconnected pads **
[unconnected_items]: Missing connection between items
    Local override; error
    @(109.5000 mm, 105.7500 mm): Track [GND] on F.Cu, length 3.1000 mm
    @(109.5000 mm, 107.2500 mm): Pad 13 [GND] of J2 on F.Cu
[unconnected_items]: Missing connection between items
    Local override; error
    @(107.5000 mm, 102.4500 mm): Zone 'GND' [GND] on F.Cu and B.Cu, priority 0
    @(107.5000 mm, 102.4500 mm): Zone 'GND' [GND] on F.Cu and B.Cu, priority 0
[unconnected_items]: Missing connection between items
    Local override; error
    @(197.0000 mm, 115.0000 mm): Pad 15 [GND] of J1 on F.Cu
    @(107.5000 mm, 102.4500 mm): Zone 'GND' [GND] on F.Cu and B.Cu, priority 0

** Found 0 Footprint errors **

** Ignored checks **
    - Footprint has no courtyard defined
    - Track endpoint not centered on via
    - Tuning profile track geometries
    - Footprint doesn't match symbol's footprint filters
    - Footprint component type doesn't match footprint pads

** End of Report **
